[INFO] Scanning for projects...
[WARNING] 
[WARNING] Some problems were encountered while building the effective model for com.example:wms-new:jar:0.0.1-SNAPSHOT
[WARNING] 'build.plugins.plugin.version' for org.codehaus.mojo:exec-maven-plugin is missing. @ line 122, column 21
[WARNING] 
[WARNING] It is highly recommended to fix these problems because they threaten the stability of your build.
[WARNING] 
[WARNING] For this reason, future Maven versions might no longer support building such malformed projects.
[WARNING] 
[INFO] 
[INFO] ------------------------< com.example:wms-new >-------------------------
[INFO] Building wms-new 0.0.1-SNAPSHOT
[INFO]   from pom.xml
[INFO] --------------------------------[ jar ]---------------------------------
[INFO] 
[INFO] --- clean:3.5.0:clean (default-clean) @ wms-new ---
[INFO] Deleting C:\downloadforwork\othertool\wms-new\target
[INFO] 
[INFO] --- build-helper:3.6.1:add-source (add-generated-sources) @ wms-new ---
[INFO] Source directory: C:\downloadforwork\othertool\wms-new\target\generated-sources\autocrud added.
[INFO] 
[INFO] --- build-helper:3.6.1:add-resource (add-generated-resources) @ wms-new ---
[INFO] 
[INFO] --- resources:3.3.1:resources (default-resources) @ wms-new ---
[INFO] Copying 2 resources from src\main\resources to target\classes
[INFO] Copying 19 resources from src\main\resources to target\classes
[INFO] skip non existing resourceDirectory C:\downloadforwork\othertool\wms-new\target\generated-resources
[INFO] 
[INFO] --- compiler:3.14.1:compile (default-compile) @ wms-new ---
[INFO] Recompiling the module because of changed source code.
[INFO] Compiling 85 source files with javac [debug parameters release 17] to target\classes
[INFO] ------------------------------------------------------------------------
[INFO] BUILD SUCCESS
[INFO] ------------------------------------------------------------------------
[INFO] Total time:  3.959 s
[INFO] Finished at: 2026-03-20T00:59:26+08:00
[INFO] ------------------------------------------------------------------------
